// Jest Snapshot v1, https://goo.gl/fbAQLP

exports[`ConnectToMetaMask render default 1`] = `
<div>
  <button
    class="MuiButton-root MuiButton-contained MuiButton-containedPrimary MuiButton-sizeMedium MuiButton-containedSizeMedium MuiButtonBase-root  css-sghohy-MuiButtonBase-root-MuiButton-root"
    tabindex="0"
    type="button"
  >
    Connect Wallet
    <span
      class="MuiTouchRipple-root css-8je8zh-MuiTouchRipple-root"
    />
  </button>
</div>
`;
