// Jest Snapshot v1, https://goo.gl/fbAQLP

exports[`Dropdown render default 1`] = `
<div>
  <div>
    <button
      aria-haspopup="true"
      class="MuiButton-root MuiButton-contained MuiButton-containedPrimary MuiButton-sizeMedium MuiButton-containedSizeMedium MuiButtonBase-root  css-sghohy-MuiButtonBase-root-MuiButton-root"
      id="dropdown-button"
      tabindex="0"
      type="button"
    >
      <div
        class="block md:hidden"
      />
      <div
        class="hidden md:block"
      >
        title
      </div>
      <span
        class="MuiTouchRipple-root css-8je8zh-MuiTouchRipple-root"
      />
    </button>
  </div>
</div>
`;
