// Jest Snapshot v1, https://goo.gl/fbAQLP

exports[`ConnectToPhantom render default 1`] = `
<div>
  <a
    href="https://phantom.app/"
    rel="noreferrer"
    target="_blank"
  >
    <button
      class="MuiButton-root MuiButton-contained MuiButton-containedPrimary MuiButton-sizeMedium MuiButton-containedSizeMedium MuiButtonBase-root  css-sghohy-MuiButtonBase-root-MuiButton-root"
      tabindex="0"
      type="button"
    >
      Get Phantom
      <span
        class="MuiTouchRipple-root css-8je8zh-MuiTouchRipple-root"
      />
    </button>
  </a>
</div>
`;
